// Jest Snapshot v1, https://goo.gl/fbAQLP

exports[`BenchmarkStateMachine 1`] = `
Object {
  "Parameters": Object {
    "BootstrapVersion": Object {
      "Default": "/cdk-bootstrap/hnb659fds/version",
      "Description": "Version of the CDK Bootstrap resources in this environment, automatically retrieved from SSM Parameter Store. [cdk:skip]",
      "Type": "AWS::SSM::Parameter::Value<String>",
    },
  },
  "Resources": Object {
    "BenchmarksTable35A54DAA": Object {
      "DeletionPolicy": "Delete",
      "Properties": Object {
        "AttributeDefinitions": Array [
          Object {
            "AttributeName": "pk",
            "AttributeType": "S",
          },
          Object {
            "AttributeName": "sk",
            "AttributeType": "S",
          },
        ],
        "BillingMode": "PAY_PER_REQUEST",
        "KeySchema": Array [
          Object {
            "AttributeName": "pk",
            "KeyType": "HASH",
          },
          Object {
            "AttributeName": "sk",
            "KeyType": "RANGE",
          },
        ],
        "PointInTimeRecoverySpecification": Object {
          "PointInTimeRecoveryEnabled": true,
        },
        "TableName": "Benchmarks",
        "Tags": Array [
          Object {
            "Key": "sst:app",
            "Value": "my-app",
          },
          Object {
            "Key": "sst:stage",
            "Value": "dev",
          },
        ],
      },
      "Type": "AWS::DynamoDB::Table",
      "UpdateReplacePolicy": "Delete",
    },
    "GetTraces3BC6EA9B": Object {
      "DependsOn": Array [
        "GetTracesServiceRoleDefaultPolicyCE8FA86E",
        "GetTracesServiceRoleAB8F12D9",
      ],
      "Properties": Object {
        "Code": Object {
          "S3Bucket": "cdk-hnb659fds-assets-my-account-us-east-1",
          "S3Key": "[HASH REMOVED].zip",
        },
        "Environment": Object {
          "Variables": Object {
            "AWS_NODEJS_CONNECTION_REUSE_ENABLED": "1",
          },
        },
        "FunctionName": "get-traces",
        "Handler": "src/benchmark/get-traces.handler",
        "MemorySize": 1024,
        "Role": Object {
          "Fn::GetAtt": Array [
            "GetTracesServiceRoleAB8F12D9",
            "Arn",
          ],
        },
        "Runtime": "nodejs12.x",
        "Tags": Array [
          Object {
            "Key": "sst:app",
            "Value": "my-app",
          },
          Object {
            "Key": "sst:stage",
            "Value": "dev",
          },
        ],
        "Timeout": 10,
        "TracingConfig": Object {
          "Mode": "Active",
        },
      },
      "Type": "AWS::Lambda::Function",
    },
    "GetTracesServiceRoleAB8F12D9": Object {
      "Properties": Object {
        "AssumeRolePolicyDocument": Object {
          "Statement": Array [
            Object {
              "Action": "sts:AssumeRole",
              "Effect": "Allow",
              "Principal": Object {
                "Service": "lambda.amazonaws.com",
              },
            },
          ],
          "Version": "2012-10-17",
        },
        "ManagedPolicyArns": Array [
          Object {
            "Fn::Join": Array [
              "",
              Array [
                "arn:",
                Object {
                  "Ref": "AWS::Partition",
                },
                ":iam::aws:policy/service-role/AWSLambdaBasicExecutionRole",
              ],
            ],
          },
        ],
        "Tags": Array [
          Object {
            "Key": "sst:app",
            "Value": "my-app",
          },
          Object {
            "Key": "sst:stage",
            "Value": "dev",
          },
        ],
      },
      "Type": "AWS::IAM::Role",
    },
    "GetTracesServiceRoleDefaultPolicyCE8FA86E": Object {
      "Properties": Object {
        "PolicyDocument": Object {
          "Statement": Array [
            Object {
              "Action": "xray:BatchGetTraces",
              "Effect": "Allow",
              "Resource": "*",
            },
            Object {
              "Action": Array [
                "xray:PutTraceSegments",
                "xray:PutTelemetryRecords",
              ],
              "Effect": "Allow",
              "Resource": "*",
            },
          ],
          "Version": "2012-10-17",
        },
        "PolicyName": "GetTracesServiceRoleDefaultPolicyCE8FA86E",
        "Roles": Array [
          Object {
            "Ref": "GetTracesServiceRoleAB8F12D9",
          },
        ],
      },
      "Type": "AWS::IAM::Policy",
    },
    "LambdaBenchmarkSM0LambdaBenchmarkStateMachine646A28DC": Object {
      "DependsOn": Array [
        "LambdaBenchmarkSM0LambdaBenchmarkStateMachineRoleDefaultPolicy495D4F49",
        "LambdaBenchmarkSM0LambdaBenchmarkStateMachineRoleC1AFF4AB",
      ],
      "Properties": Object {
        "DefinitionString": Object {
          "Fn::Join": Array [
            "",
            Array [
              "{"StartAt":"Configure","States":{"Configure":{"Type":"Pass","Result":[0,1,2,3,4,5,6,7,8,9],"ResultPath":"$.Passes","Next":"Lambda Map"},"Lambda Map":{"Type":"Map","ResultPath":"$.MapResult","Next":"GetTraces","Iterator":{"StartAt":"LambdaInvoke","States":{"LambdaInvoke":{"End":true,"Retry":[{"ErrorEquals":["Lambda.ServiceException","Lambda.AWSLambdaException","Lambda.SdkClientException"],"IntervalSeconds":2,"MaxAttempts":6,"BackoffRate":2}],"Type":"Task","Resource":"arn:",
              Object {
                "Ref": "AWS::Partition",
              },
              ":states:::lambda:invoke","Parameters":{"FunctionName":"arn:aws:lambda:us-east-9:987654321:function:test-func1","Payload":{}}}}},"ItemsPath":"$.Passes","MaxConcurrency":5},"GetTraces":{"Next":"GetFunc","Retry":[{"ErrorEquals":["Lambda.ServiceException","Lambda.AWSLambdaException","Lambda.SdkClientException"],"IntervalSeconds":2,"MaxAttempts":6,"BackoffRate":2},{"ErrorEquals":["States.ALL"],"MaxAttempts":5}],"Catch":[{"ErrorEquals":["States.ALL"],"Next":"SendFailure"}],"Type":"Task","ResultPath":"$.Traces","Resource":"arn:",
              Object {
                "Ref": "AWS::Partition",
              },
              ":states:::lambda:invoke","Parameters":{"FunctionName":"",
              Object {
                "Fn::GetAtt": Array [
                  "GetTraces3BC6EA9B",
                  "Arn",
                ],
              },
              "","Payload.$":"$"}},"GetFunc":{"Next":"ParseDescription","Type":"Task","ResultPath":"$.Function","Resource":"arn:",
              Object {
                "Ref": "AWS::Partition",
              },
              ":states:::aws-sdk:lambda:getFunction","Parameters":{"FunctionName":"arn:aws:lambda:us-east-9:987654321:function:test-func1"}},"ParseDescription":{"Type":"Pass","ResultPath":"$.Function.Configuration.Description","Parameters":{"Description.$":"States.StringToJson($.Function.Configuration.Description)"},"Next":"PutItem"},"PutItem":{"Next":"SendSuccess","Type":"Task","ResultPath":"$.PutItem","Resource":"arn:",
              Object {
                "Ref": "AWS::Partition",
              },
              ":states:::dynamodb:putItem","Parameters":{"Item":{"pk":{"S.$":"$.Traces.Payload.name"},"sk":{"S.$":"States.Format('{}#{}', $.Traces.Payload.date, $.Traces.Payload.name)"},"date":{"S.$":"$.Traces.Payload.date"},"architectures":{"S.$":"$.Function.Configuration.Architectures[0]"},"codeSize":{"N.$":"States.Format('{}', $.Function.Configuration.CodeSize)"},"format":{"S.$":"$.Function.Configuration.Description.Description.format"},"minify":{"BOOL.$":"$.Function.Configuration.Description.Description.minify"},"sdk":{"S.$":"$.Function.Configuration.Description.Description.sdk"},"xray":{"BOOL.$":"$.Function.Configuration.Description.Description.xray"},"name":{"S.$":"$.Traces.Payload.name"},"memorySize":{"N.$":"States.Format('{}', $.Function.Configuration.MemorySize)"},"runtime":{"S.$":"$.Function.Configuration.Runtime"},"coldStartPercent":{"N.$":"States.Format('{}', $.Traces.Payload.coldStartPercent)"},"averageColdStart":{"N.$":"States.Format('{}', $.Traces.Payload.averageColdStart)"},"averageDuration":{"N.$":"States.Format('{}', $.Traces.Payload.averageDuration)"},"iterations":{"N.$":"States.Format('{}', $.Traces.Payload.iterations)"},"p90ColdStart":{"N.$":"States.Format('{}', $.Traces.Payload.p90ColdStart)"},"p90Duration":{"N.$":"States.Format('{}', $.Traces.Payload.p90Duration)"}},"TableName":"",
              Object {
                "Ref": "BenchmarksTable35A54DAA",
              },
              ""}},"SendSuccess":{"End":true,"Type":"Task","Resource":"arn:",
              Object {
                "Ref": "AWS::Partition",
              },
              ":states:::aws-sdk:sfn:sendTaskSuccess","Parameters":{"Output.$":"$.Traces.Payload","TaskToken.$":"$.token"}},"SendFailure":{"End":true,"Type":"Task","InputPath":"$","Resource":"arn:",
              Object {
                "Ref": "AWS::Partition",
              },
              ":states:::aws-sdk:sfn:sendTaskFailure","Parameters":{"Cause":"No Traces Found!","Error":"404","TaskToken.$":"$$.Execution.Input.token"}}}}",
            ],
          ],
        },
        "RoleArn": Object {
          "Fn::GetAtt": Array [
            "LambdaBenchmarkSM0LambdaBenchmarkStateMachineRoleC1AFF4AB",
            "Arn",
          ],
        },
        "Tags": Array [
          Object {
            "Key": "sst:app",
            "Value": "my-app",
          },
          Object {
            "Key": "sst:stage",
            "Value": "dev",
          },
        ],
        "TracingConfiguration": Object {
          "Enabled": true,
        },
      },
      "Type": "AWS::StepFunctions::StateMachine",
    },
    "LambdaBenchmarkSM0LambdaBenchmarkStateMachineRoleC1AFF4AB": Object {
      "Properties": Object {
        "AssumeRolePolicyDocument": Object {
          "Statement": Array [
            Object {
              "Action": "sts:AssumeRole",
              "Effect": "Allow",
              "Principal": Object {
                "Service": "states.us-east-1.amazonaws.com",
              },
            },
          ],
          "Version": "2012-10-17",
        },
        "Tags": Array [
          Object {
            "Key": "sst:app",
            "Value": "my-app",
          },
          Object {
            "Key": "sst:stage",
            "Value": "dev",
          },
        ],
      },
      "Type": "AWS::IAM::Role",
    },
    "LambdaBenchmarkSM0LambdaBenchmarkStateMachineRoleDefaultPolicy495D4F49": Object {
      "Properties": Object {
        "PolicyDocument": Object {
          "Statement": Array [
            Object {
              "Action": Array [
                "xray:PutTraceSegments",
                "xray:PutTelemetryRecords",
                "xray:GetSamplingRules",
                "xray:GetSamplingTargets",
              ],
              "Effect": "Allow",
              "Resource": "*",
            },
            Object {
              "Action": "lambda:InvokeFunction",
              "Effect": "Allow",
              "Resource": Object {
                "Fn::GetAtt": Array [
                  "GetTraces3BC6EA9B",
                  "Arn",
                ],
              },
            },
            Object {
              "Action": "lambda:getFunction",
              "Effect": "Allow",
              "Resource": "arn:aws:lambda:us-east-9:987654321:function:test-func1",
            },
            Object {
              "Action": "dynamodb:PutItem",
              "Effect": "Allow",
              "Resource": Object {
                "Fn::Join": Array [
                  "",
                  Array [
                    "arn:",
                    Object {
                      "Ref": "AWS::Partition",
                    },
                    ":dynamodb:us-east-1:my-account:table/",
                    Object {
                      "Ref": "BenchmarksTable35A54DAA",
                    },
                  ],
                ],
              },
            },
            Object {
              "Action": "sfn:sendTaskSuccess",
              "Effect": "Allow",
              "Resource": "arn:aws:states:us-east-1:my-account:stateMachine:benchmark-machine",
            },
            Object {
              "Action": "sfn:sendTaskFailure",
              "Effect": "Allow",
              "Resource": "arn:aws:states:us-east-1:my-account:stateMachine:benchmark-machine",
            },
            Object {
              "Action": "lambda:InvokeFunction",
              "Effect": "Allow",
              "Resource": "arn:aws:lambda:us-east-9:987654321:function:test-func1",
            },
            Object {
              "Action": Array [
                "states:SendTaskFailure",
                "states:SendTaskSuccess",
              ],
              "Effect": "Allow",
              "Resource": "arn:aws:states:us-east-1:my-account:stateMachine:benchmark-machine",
            },
          ],
          "Version": "2012-10-17",
        },
        "PolicyName": "LambdaBenchmarkSM0LambdaBenchmarkStateMachineRoleDefaultPolicy495D4F49",
        "Roles": Array [
          Object {
            "Ref": "LambdaBenchmarkSM0LambdaBenchmarkStateMachineRoleC1AFF4AB",
          },
        ],
      },
      "Type": "AWS::IAM::Policy",
    },
    "LambdaBenchmarkSM1LambdaBenchmarkStateMachine05189E5D": Object {
      "DependsOn": Array [
        "LambdaBenchmarkSM1LambdaBenchmarkStateMachineRoleDefaultPolicy93356AEF",
        "LambdaBenchmarkSM1LambdaBenchmarkStateMachineRole7EBC33C6",
      ],
      "Properties": Object {
        "DefinitionString": Object {
          "Fn::Join": Array [
            "",
            Array [
              "{"StartAt":"Configure","States":{"Configure":{"Type":"Pass","Result":[0,1,2,3,4,5,6,7,8,9],"ResultPath":"$.Passes","Next":"Lambda Map"},"Lambda Map":{"Type":"Map","ResultPath":"$.MapResult","Next":"GetTraces","Iterator":{"StartAt":"LambdaInvoke","States":{"LambdaInvoke":{"End":true,"Retry":[{"ErrorEquals":["Lambda.ServiceException","Lambda.AWSLambdaException","Lambda.SdkClientException"],"IntervalSeconds":2,"MaxAttempts":6,"BackoffRate":2}],"Type":"Task","Resource":"arn:",
              Object {
                "Ref": "AWS::Partition",
              },
              ":states:::lambda:invoke","Parameters":{"FunctionName":"arn:aws:lambda:us-east-9:987654321:function:test-func2","Payload":{}}}}},"ItemsPath":"$.Passes","MaxConcurrency":5},"GetTraces":{"Next":"GetFunc","Retry":[{"ErrorEquals":["Lambda.ServiceException","Lambda.AWSLambdaException","Lambda.SdkClientException"],"IntervalSeconds":2,"MaxAttempts":6,"BackoffRate":2},{"ErrorEquals":["States.ALL"],"MaxAttempts":5}],"Catch":[{"ErrorEquals":["States.ALL"],"Next":"SendFailure"}],"Type":"Task","ResultPath":"$.Traces","Resource":"arn:",
              Object {
                "Ref": "AWS::Partition",
              },
              ":states:::lambda:invoke","Parameters":{"FunctionName":"",
              Object {
                "Fn::GetAtt": Array [
                  "GetTraces3BC6EA9B",
                  "Arn",
                ],
              },
              "","Payload.$":"$"}},"GetFunc":{"Next":"ParseDescription","Type":"Task","ResultPath":"$.Function","Resource":"arn:",
              Object {
                "Ref": "AWS::Partition",
              },
              ":states:::aws-sdk:lambda:getFunction","Parameters":{"FunctionName":"arn:aws:lambda:us-east-9:987654321:function:test-func2"}},"ParseDescription":{"Type":"Pass","ResultPath":"$.Function.Configuration.Description","Parameters":{"Description.$":"States.StringToJson($.Function.Configuration.Description)"},"Next":"PutItem"},"PutItem":{"Next":"SendSuccess","Type":"Task","ResultPath":"$.PutItem","Resource":"arn:",
              Object {
                "Ref": "AWS::Partition",
              },
              ":states:::dynamodb:putItem","Parameters":{"Item":{"pk":{"S.$":"$.Traces.Payload.name"},"sk":{"S.$":"States.Format('{}#{}', $.Traces.Payload.date, $.Traces.Payload.name)"},"date":{"S.$":"$.Traces.Payload.date"},"architectures":{"S.$":"$.Function.Configuration.Architectures[0]"},"codeSize":{"N.$":"States.Format('{}', $.Function.Configuration.CodeSize)"},"format":{"S.$":"$.Function.Configuration.Description.Description.format"},"minify":{"BOOL.$":"$.Function.Configuration.Description.Description.minify"},"sdk":{"S.$":"$.Function.Configuration.Description.Description.sdk"},"xray":{"BOOL.$":"$.Function.Configuration.Description.Description.xray"},"name":{"S.$":"$.Traces.Payload.name"},"memorySize":{"N.$":"States.Format('{}', $.Function.Configuration.MemorySize)"},"runtime":{"S.$":"$.Function.Configuration.Runtime"},"coldStartPercent":{"N.$":"States.Format('{}', $.Traces.Payload.coldStartPercent)"},"averageColdStart":{"N.$":"States.Format('{}', $.Traces.Payload.averageColdStart)"},"averageDuration":{"N.$":"States.Format('{}', $.Traces.Payload.averageDuration)"},"iterations":{"N.$":"States.Format('{}', $.Traces.Payload.iterations)"},"p90ColdStart":{"N.$":"States.Format('{}', $.Traces.Payload.p90ColdStart)"},"p90Duration":{"N.$":"States.Format('{}', $.Traces.Payload.p90Duration)"}},"TableName":"",
              Object {
                "Ref": "BenchmarksTable35A54DAA",
              },
              ""}},"SendSuccess":{"End":true,"Type":"Task","Resource":"arn:",
              Object {
                "Ref": "AWS::Partition",
              },
              ":states:::aws-sdk:sfn:sendTaskSuccess","Parameters":{"Output.$":"$.Traces.Payload","TaskToken.$":"$.token"}},"SendFailure":{"End":true,"Type":"Task","InputPath":"$","Resource":"arn:",
              Object {
                "Ref": "AWS::Partition",
              },
              ":states:::aws-sdk:sfn:sendTaskFailure","Parameters":{"Cause":"No Traces Found!","Error":"404","TaskToken.$":"$$.Execution.Input.token"}}}}",
            ],
          ],
        },
        "RoleArn": Object {
          "Fn::GetAtt": Array [
            "LambdaBenchmarkSM1LambdaBenchmarkStateMachineRole7EBC33C6",
            "Arn",
          ],
        },
        "Tags": Array [
          Object {
            "Key": "sst:app",
            "Value": "my-app",
          },
          Object {
            "Key": "sst:stage",
            "Value": "dev",
          },
        ],
        "TracingConfiguration": Object {
          "Enabled": true,
        },
      },
      "Type": "AWS::StepFunctions::StateMachine",
    },
    "LambdaBenchmarkSM1LambdaBenchmarkStateMachineRole7EBC33C6": Object {
      "Properties": Object {
        "AssumeRolePolicyDocument": Object {
          "Statement": Array [
            Object {
              "Action": "sts:AssumeRole",
              "Effect": "Allow",
              "Principal": Object {
                "Service": "states.us-east-1.amazonaws.com",
              },
            },
          ],
          "Version": "2012-10-17",
        },
        "Tags": Array [
          Object {
            "Key": "sst:app",
            "Value": "my-app",
          },
          Object {
            "Key": "sst:stage",
            "Value": "dev",
          },
        ],
      },
      "Type": "AWS::IAM::Role",
    },
    "LambdaBenchmarkSM1LambdaBenchmarkStateMachineRoleDefaultPolicy93356AEF": Object {
      "Properties": Object {
        "PolicyDocument": Object {
          "Statement": Array [
            Object {
              "Action": Array [
                "xray:PutTraceSegments",
                "xray:PutTelemetryRecords",
                "xray:GetSamplingRules",
                "xray:GetSamplingTargets",
              ],
              "Effect": "Allow",
              "Resource": "*",
            },
            Object {
              "Action": "lambda:InvokeFunction",
              "Effect": "Allow",
              "Resource": Object {
                "Fn::GetAtt": Array [
                  "GetTraces3BC6EA9B",
                  "Arn",
                ],
              },
            },
            Object {
              "Action": "lambda:getFunction",
              "Effect": "Allow",
              "Resource": "arn:aws:lambda:us-east-9:987654321:function:test-func2",
            },
            Object {
              "Action": "dynamodb:PutItem",
              "Effect": "Allow",
              "Resource": Object {
                "Fn::Join": Array [
                  "",
                  Array [
                    "arn:",
                    Object {
                      "Ref": "AWS::Partition",
                    },
                    ":dynamodb:us-east-1:my-account:table/",
                    Object {
                      "Ref": "BenchmarksTable35A54DAA",
                    },
                  ],
                ],
              },
            },
            Object {
              "Action": "sfn:sendTaskSuccess",
              "Effect": "Allow",
              "Resource": "arn:aws:states:us-east-1:my-account:stateMachine:benchmark-machine",
            },
            Object {
              "Action": "sfn:sendTaskFailure",
              "Effect": "Allow",
              "Resource": "arn:aws:states:us-east-1:my-account:stateMachine:benchmark-machine",
            },
            Object {
              "Action": "lambda:InvokeFunction",
              "Effect": "Allow",
              "Resource": "arn:aws:lambda:us-east-9:987654321:function:test-func2",
            },
            Object {
              "Action": Array [
                "states:SendTaskFailure",
                "states:SendTaskSuccess",
              ],
              "Effect": "Allow",
              "Resource": "arn:aws:states:us-east-1:my-account:stateMachine:benchmark-machine",
            },
          ],
          "Version": "2012-10-17",
        },
        "PolicyName": "LambdaBenchmarkSM1LambdaBenchmarkStateMachineRoleDefaultPolicy93356AEF",
        "Roles": Array [
          Object {
            "Ref": "LambdaBenchmarkSM1LambdaBenchmarkStateMachineRole7EBC33C6",
          },
        ],
      },
      "Type": "AWS::IAM::Policy",
    },
    "LambdaBenchmarkSM2LambdaBenchmarkStateMachineDD4389DC": Object {
      "DependsOn": Array [
        "LambdaBenchmarkSM2LambdaBenchmarkStateMachineRoleDefaultPolicy118D2C2F",
        "LambdaBenchmarkSM2LambdaBenchmarkStateMachineRoleAA6FE5AF",
      ],
      "Properties": Object {
        "DefinitionString": Object {
          "Fn::Join": Array [
            "",
            Array [
              "{"StartAt":"Configure","States":{"Configure":{"Type":"Pass","Result":[0,1,2,3,4,5,6,7,8,9],"ResultPath":"$.Passes","Next":"Lambda Map"},"Lambda Map":{"Type":"Map","ResultPath":"$.MapResult","Next":"GetTraces","Iterator":{"StartAt":"LambdaInvoke","States":{"LambdaInvoke":{"End":true,"Retry":[{"ErrorEquals":["Lambda.ServiceException","Lambda.AWSLambdaException","Lambda.SdkClientException"],"IntervalSeconds":2,"MaxAttempts":6,"BackoffRate":2}],"Type":"Task","Resource":"arn:",
              Object {
                "Ref": "AWS::Partition",
              },
              ":states:::lambda:invoke","Parameters":{"FunctionName":"arn:aws:lambda:us-east-9:987654321:function:test-func3","Payload":{}}}}},"ItemsPath":"$.Passes","MaxConcurrency":5},"GetTraces":{"Next":"GetFunc","Retry":[{"ErrorEquals":["Lambda.ServiceException","Lambda.AWSLambdaException","Lambda.SdkClientException"],"IntervalSeconds":2,"MaxAttempts":6,"BackoffRate":2},{"ErrorEquals":["States.ALL"],"MaxAttempts":5}],"Catch":[{"ErrorEquals":["States.ALL"],"Next":"SendFailure"}],"Type":"Task","ResultPath":"$.Traces","Resource":"arn:",
              Object {
                "Ref": "AWS::Partition",
              },
              ":states:::lambda:invoke","Parameters":{"FunctionName":"",
              Object {
                "Fn::GetAtt": Array [
                  "GetTraces3BC6EA9B",
                  "Arn",
                ],
              },
              "","Payload.$":"$"}},"GetFunc":{"Next":"ParseDescription","Type":"Task","ResultPath":"$.Function","Resource":"arn:",
              Object {
                "Ref": "AWS::Partition",
              },
              ":states:::aws-sdk:lambda:getFunction","Parameters":{"FunctionName":"arn:aws:lambda:us-east-9:987654321:function:test-func3"}},"ParseDescription":{"Type":"Pass","ResultPath":"$.Function.Configuration.Description","Parameters":{"Description.$":"States.StringToJson($.Function.Configuration.Description)"},"Next":"PutItem"},"PutItem":{"Next":"SendSuccess","Type":"Task","ResultPath":"$.PutItem","Resource":"arn:",
              Object {
                "Ref": "AWS::Partition",
              },
              ":states:::dynamodb:putItem","Parameters":{"Item":{"pk":{"S.$":"$.Traces.Payload.name"},"sk":{"S.$":"States.Format('{}#{}', $.Traces.Payload.date, $.Traces.Payload.name)"},"date":{"S.$":"$.Traces.Payload.date"},"architectures":{"S.$":"$.Function.Configuration.Architectures[0]"},"codeSize":{"N.$":"States.Format('{}', $.Function.Configuration.CodeSize)"},"format":{"S.$":"$.Function.Configuration.Description.Description.format"},"minify":{"BOOL.$":"$.Function.Configuration.Description.Description.minify"},"sdk":{"S.$":"$.Function.Configuration.Description.Description.sdk"},"xray":{"BOOL.$":"$.Function.Configuration.Description.Description.xray"},"name":{"S.$":"$.Traces.Payload.name"},"memorySize":{"N.$":"States.Format('{}', $.Function.Configuration.MemorySize)"},"runtime":{"S.$":"$.Function.Configuration.Runtime"},"coldStartPercent":{"N.$":"States.Format('{}', $.Traces.Payload.coldStartPercent)"},"averageColdStart":{"N.$":"States.Format('{}', $.Traces.Payload.averageColdStart)"},"averageDuration":{"N.$":"States.Format('{}', $.Traces.Payload.averageDuration)"},"iterations":{"N.$":"States.Format('{}', $.Traces.Payload.iterations)"},"p90ColdStart":{"N.$":"States.Format('{}', $.Traces.Payload.p90ColdStart)"},"p90Duration":{"N.$":"States.Format('{}', $.Traces.Payload.p90Duration)"}},"TableName":"",
              Object {
                "Ref": "BenchmarksTable35A54DAA",
              },
              ""}},"SendSuccess":{"End":true,"Type":"Task","Resource":"arn:",
              Object {
                "Ref": "AWS::Partition",
              },
              ":states:::aws-sdk:sfn:sendTaskSuccess","Parameters":{"Output.$":"$.Traces.Payload","TaskToken.$":"$.token"}},"SendFailure":{"End":true,"Type":"Task","InputPath":"$","Resource":"arn:",
              Object {
                "Ref": "AWS::Partition",
              },
              ":states:::aws-sdk:sfn:sendTaskFailure","Parameters":{"Cause":"No Traces Found!","Error":"404","TaskToken.$":"$$.Execution.Input.token"}}}}",
            ],
          ],
        },
        "RoleArn": Object {
          "Fn::GetAtt": Array [
            "LambdaBenchmarkSM2LambdaBenchmarkStateMachineRoleAA6FE5AF",
            "Arn",
          ],
        },
        "Tags": Array [
          Object {
            "Key": "sst:app",
            "Value": "my-app",
          },
          Object {
            "Key": "sst:stage",
            "Value": "dev",
          },
        ],
        "TracingConfiguration": Object {
          "Enabled": true,
        },
      },
      "Type": "AWS::StepFunctions::StateMachine",
    },
    "LambdaBenchmarkSM2LambdaBenchmarkStateMachineRoleAA6FE5AF": Object {
      "Properties": Object {
        "AssumeRolePolicyDocument": Object {
          "Statement": Array [
            Object {
              "Action": "sts:AssumeRole",
              "Effect": "Allow",
              "Principal": Object {
                "Service": "states.us-east-1.amazonaws.com",
              },
            },
          ],
          "Version": "2012-10-17",
        },
        "Tags": Array [
          Object {
            "Key": "sst:app",
            "Value": "my-app",
          },
          Object {
            "Key": "sst:stage",
            "Value": "dev",
          },
        ],
      },
      "Type": "AWS::IAM::Role",
    },
    "LambdaBenchmarkSM2LambdaBenchmarkStateMachineRoleDefaultPolicy118D2C2F": Object {
      "Properties": Object {
        "PolicyDocument": Object {
          "Statement": Array [
            Object {
              "Action": Array [
                "xray:PutTraceSegments",
                "xray:PutTelemetryRecords",
                "xray:GetSamplingRules",
                "xray:GetSamplingTargets",
              ],
              "Effect": "Allow",
              "Resource": "*",
            },
            Object {
              "Action": "lambda:InvokeFunction",
              "Effect": "Allow",
              "Resource": Object {
                "Fn::GetAtt": Array [
                  "GetTraces3BC6EA9B",
                  "Arn",
                ],
              },
            },
            Object {
              "Action": "lambda:getFunction",
              "Effect": "Allow",
              "Resource": "arn:aws:lambda:us-east-9:987654321:function:test-func3",
            },
            Object {
              "Action": "dynamodb:PutItem",
              "Effect": "Allow",
              "Resource": Object {
                "Fn::Join": Array [
                  "",
                  Array [
                    "arn:",
                    Object {
                      "Ref": "AWS::Partition",
                    },
                    ":dynamodb:us-east-1:my-account:table/",
                    Object {
                      "Ref": "BenchmarksTable35A54DAA",
                    },
                  ],
                ],
              },
            },
            Object {
              "Action": "sfn:sendTaskSuccess",
              "Effect": "Allow",
              "Resource": "arn:aws:states:us-east-1:my-account:stateMachine:benchmark-machine",
            },
            Object {
              "Action": "sfn:sendTaskFailure",
              "Effect": "Allow",
              "Resource": "arn:aws:states:us-east-1:my-account:stateMachine:benchmark-machine",
            },
            Object {
              "Action": "lambda:InvokeFunction",
              "Effect": "Allow",
              "Resource": "arn:aws:lambda:us-east-9:987654321:function:test-func3",
            },
            Object {
              "Action": Array [
                "states:SendTaskFailure",
                "states:SendTaskSuccess",
              ],
              "Effect": "Allow",
              "Resource": "arn:aws:states:us-east-1:my-account:stateMachine:benchmark-machine",
            },
          ],
          "Version": "2012-10-17",
        },
        "PolicyName": "LambdaBenchmarkSM2LambdaBenchmarkStateMachineRoleDefaultPolicy118D2C2F",
        "Roles": Array [
          Object {
            "Ref": "LambdaBenchmarkSM2LambdaBenchmarkStateMachineRoleAA6FE5AF",
          },
        ],
      },
      "Type": "AWS::IAM::Policy",
    },
    "SSTMetadata": Object {
      "Metadata": Object {
        "sst:constructs": Array [
          Object {
            "addr": "c88a2d14f35684213fa9de999b19bfb671a345c172",
            "data": Object {
              "consumers": Array [],
              "tableName": Object {
                "Ref": "BenchmarksTable35A54DAA",
              },
            },
            "id": "BenchmarksTable",
            "stack": "dev-my-app-test-stack",
            "type": "Table",
          },
          Object {
            "addr": "c8ec2d4dcb4e875f0933e26b27315ac410acfe7909",
            "data": Object {
              "arn": Object {
                "Fn::GetAtt": Array [
                  "GetTraces3BC6EA9B",
                  "Arn",
                ],
              },
              "localId": "dev-my-app-test-stack-GetTraces",
            },
            "id": "GetTraces",
            "stack": "dev-my-app-test-stack",
            "type": "Function",
          },
        ],
        "sst:version": "0.69.7",
      },
      "Type": "AWS::CDK::Metadata",
    },
    "testmachineBenchmarkStateMachine0AA5DC01": Object {
      "DependsOn": Array [
        "testmachineBenchmarkStateMachineRoleDefaultPolicy0443ED16",
        "testmachineBenchmarkStateMachineRole848E379F",
      ],
      "Properties": Object {
        "DefinitionString": Object {
          "Fn::Join": Array [
            "",
            Array [
              "{"StartAt":"Parallel Execution 0","States":{"Parallel Execution 0":{"Type":"Parallel","End":true,"Branches":[{"StartAt":"ParallelBenchmarkMachine 0","States":{"ParallelBenchmarkMachine 0":{"End":true,"Retry":[{"ErrorEquals":["States.ALL"],"MaxAttempts":2}],"Type":"Task","Resource":"arn:",
              Object {
                "Ref": "AWS::Partition",
              },
              ":states:::states:startExecution.waitForTaskToken","Parameters":{"Input":{"token.$":"$$.Task.Token"},"StateMachineArn":"",
              Object {
                "Ref": "LambdaBenchmarkSM0LambdaBenchmarkStateMachine646A28DC",
              },
              ""}}}},{"StartAt":"ParallelBenchmarkMachine 1","States":{"ParallelBenchmarkMachine 1":{"End":true,"Retry":[{"ErrorEquals":["States.ALL"],"MaxAttempts":2}],"Type":"Task","Resource":"arn:",
              Object {
                "Ref": "AWS::Partition",
              },
              ":states:::states:startExecution.waitForTaskToken","Parameters":{"Input":{"token.$":"$$.Task.Token"},"StateMachineArn":"",
              Object {
                "Ref": "LambdaBenchmarkSM1LambdaBenchmarkStateMachine05189E5D",
              },
              ""}}}},{"StartAt":"ParallelBenchmarkMachine 2","States":{"ParallelBenchmarkMachine 2":{"End":true,"Retry":[{"ErrorEquals":["States.ALL"],"MaxAttempts":2}],"Type":"Task","Resource":"arn:",
              Object {
                "Ref": "AWS::Partition",
              },
              ":states:::states:startExecution.waitForTaskToken","Parameters":{"Input":{"token.$":"$$.Task.Token"},"StateMachineArn":"",
              Object {
                "Ref": "LambdaBenchmarkSM2LambdaBenchmarkStateMachineDD4389DC",
              },
              ""}}}}]}},"TimeoutSeconds":600}",
            ],
          ],
        },
        "RoleArn": Object {
          "Fn::GetAtt": Array [
            "testmachineBenchmarkStateMachineRole848E379F",
            "Arn",
          ],
        },
        "StateMachineName": "benchmark-machine",
        "Tags": Array [
          Object {
            "Key": "sst:app",
            "Value": "my-app",
          },
          Object {
            "Key": "sst:stage",
            "Value": "dev",
          },
        ],
      },
      "Type": "AWS::StepFunctions::StateMachine",
    },
    "testmachineBenchmarkStateMachineRole848E379F": Object {
      "Properties": Object {
        "AssumeRolePolicyDocument": Object {
          "Statement": Array [
            Object {
              "Action": "sts:AssumeRole",
              "Effect": "Allow",
              "Principal": Object {
                "Service": "states.us-east-1.amazonaws.com",
              },
            },
          ],
          "Version": "2012-10-17",
        },
        "Tags": Array [
          Object {
            "Key": "sst:app",
            "Value": "my-app",
          },
          Object {
            "Key": "sst:stage",
            "Value": "dev",
          },
        ],
      },
      "Type": "AWS::IAM::Role",
    },
    "testmachineBenchmarkStateMachineRoleDefaultPolicy0443ED16": Object {
      "Properties": Object {
        "PolicyDocument": Object {
          "Statement": Array [
            Object {
              "Action": "states:StartExecution",
              "Effect": "Allow",
              "Resource": Object {
                "Ref": "LambdaBenchmarkSM0LambdaBenchmarkStateMachine646A28DC",
              },
            },
            Object {
              "Action": "states:StartExecution",
              "Effect": "Allow",
              "Resource": Object {
                "Ref": "LambdaBenchmarkSM1LambdaBenchmarkStateMachine05189E5D",
              },
            },
            Object {
              "Action": "states:StartExecution",
              "Effect": "Allow",
              "Resource": Object {
                "Ref": "LambdaBenchmarkSM2LambdaBenchmarkStateMachineDD4389DC",
              },
            },
          ],
          "Version": "2012-10-17",
        },
        "PolicyName": "testmachineBenchmarkStateMachineRoleDefaultPolicy0443ED16",
        "Roles": Array [
          Object {
            "Ref": "testmachineBenchmarkStateMachineRole848E379F",
          },
        ],
      },
      "Type": "AWS::IAM::Policy",
    },
  },
  "Rules": Object {
    "CheckBootstrapVersion": Object {
      "Assertions": Array [
        Object {
          "Assert": Object {
            "Fn::Not": Array [
              Object {
                "Fn::Contains": Array [
                  Array [
                    "1",
                    "2",
                    "3",
                    "4",
                    "5",
                  ],
                  Object {
                    "Ref": "BootstrapVersion",
                  },
                ],
              },
            ],
          },
          "AssertDescription": "CDK bootstrap stack version 6 required. Please run 'cdk bootstrap' with a recent version of the CDK CLI.",
        },
      ],
    },
  },
}
`;
